// Jest Snapshot v1, https://goo.gl/fbAQLP

exports[`class AddGreeter extends _react.Component {
  constructor(props) {
    super(props);
    this.state = { greetingName: '' };
    this.handleUpdate = this.handleUpdate.bind(this);
    this.addGreeting = this.addGreeting.bind(this);
  }
  handleUpdate(event) {
    this.setState({ greetingName: event.target.value });
  }

  addGreeting() {
    this.props.addGreeting(this.state.greetingName);
    this.setState({ greetingName: '' });
  }
  render() {
    return (
      _react2.default.createElement('div', { className: 'AddGreeter', __source: { fileName: _jsxFileName, lineNumber: 21 }, __self: this },
        _react2.default.createElement('input', { style: {
            padding: 10 },
          type: 'text', placeholder: 'Enter Name', onChange: this.handleUpdate,
          value: this.state.greetingName, __source: { fileName: _jsxFileName, lineNumber: 22 }, __self: this }), '\\xA0\\xA0',

        _react2.default.createElement('button', { style: {
              padding: 10 },

            onClick: this.addGreeting, __source: { fileName: _jsxFileName, lineNumber: 27 }, __self: this }, 'Add')));



  }} renders and matches our snapshot 1`] = `
<div
  className="AddGreeter"
>
  <input
    onChange={[Function]}
    placeholder="Enter Name"
    style={
      Object {
        "padding": 10,
      }
    }
    type="text"
    value=""
  />
    
  <button
    onClick={[Function]}
    style={
      Object {
        "padding": 10,
      }
    }
  >
    Add
  </button>
</div>
`;
